>python3 s04t04_zoolite_main.py s04t04_zoolite_fill.json
*** BEFORE: 0 animals in the zoo.
Inserted Gorilla Lucy into table animals of zoo.db.
Inserted Anaconda Ziggy into table animals of zoo.db.
Inserted Wolf Oscar into table animals of zoo.db.
Inserted Penguin Coco into table animals of zoo.db.
Failed to process event: {'species': 'Anaconda', 'name': 'Ziggy', 'event': 'born'}. Error: UNIQUE constraint failed: animals.species, animals.name
Inserted Zebra Coco into table animals of zoo.db.
Inserted Seal Jack into table animals of zoo.db.
Inserted Flamingo Ziggy into table animals of zoo.db.
Inserted Iguana Lucy into table animals of zoo.db.
Inserted Gorilla Max into table animals of zoo.db.
Inserted Giraffe Daisy into table animals of zoo.db.
*** AFTER: 10 animals in the zoo.
>sqlite3 zoo.db
SQLite version 3.31.1 ...
Enter ".help" for usage hints.
sqlite> .tables
animals
sqlite> .mode column
sqlite> .headers on
sqlite> SELECT * FROM animals;
species     name        age
----------  ----------  ----------
Gorilla     Lucy        0
Anaconda    Ziggy       0
Wolf        Oscar       0
Penguin     Coco        0
Zebra       Coco        0
Seal        Jack        0
Flamingo    Ziggy       0
Iguana      Lucy        0
Gorilla     Max         0
Giraffe     Daisy       0
sqlite> .quit
>python3 s04t04_zoolite_main.py s04t04_zoolite_random.json
*** BEFORE: 10 animals in the zoo.
Updated Iguana Lucy in table animals of zoo.db.
Failed to process event: {'species': 'Giraffe', 'name': 'Daisy', 'event': 'born'}. Error: UNIQUE constraint failed: animals.species, animals.name
Inserted Lemur Zeus into table animals of zoo.db.
Inserted Flamingo Coco into table animals of zoo.db.
Updated Gorilla Max in table animals of zoo.db.
Inserted Giraffe Ziggy into table animals of zoo.db.
Inserted Hyena Max into table animals of zoo.db.
Inserted Panda Daisy into table animals of zoo.db.
Updated Gorilla Max in table animals of zoo.db.
Inserted Cheetah Ziggy into table animals of zoo.db.
Deleted Hyena Max from table animals of zoo.db.
Inserted Flamingo Ruby into table animals of zoo.db.
*** AFTER: 16 animals in the zoo.
>sqlite3 zoo.db
SQLite version 3.31.1 ...
Enter ".help" for usage hints.
sqlite> .mode column
sqlite> .headers on
sqlite> SELECT * FROM animals;
species     name        age
----------  ----------  ----------
Gorilla     Lucy        0
Anaconda    Ziggy       0
Wolf        Oscar       0
Penguin     Coco        0
Zebra       Coco        0
Seal        Jack        0
Flamingo    Ziggy       0
Iguana      Lucy        1
Gorilla     Max         2
Giraffe     Daisy       0
Lemur       Zeus        0
Flamingo    Coco        0
Giraffe     Ziggy       0
Panda       Daisy       0
Cheetah     Ziggy       0
Flamingo    Ruby        0
sqlite> .quit
>